1a|POST /api/auth/login (admin)|200|PASS|
1b|GET /api/me (admin)|200|PASS|role=ADMIN name=AI-World Admin
1c|POST /api/auth/login (expert)|200|PASS|
1d|GET /api/me (expert)|200|PASS|role=EXPERT name=Demo Expert
1e|POST /api/auth/login (learner)|200|PASS|
1f|GET /api/me (learner)|200|PASS|role=LEARNER name=Demo Learner
1g|POST /api/auth/logout|200|PASS|
